<html>
<body>
<pre>
<h1>µVision Build Log</h1>
<h2>Project:</h2>
D:\BSP\Nuvoton_zeros_BSP\SampleCode\Hello_sample\KEIL\Hello.uvproj
Project File Date:  08/19/2015

<h2>Output:</h2>
Rebuild target 'GPIO_OutputInput'
compiling system_M051Series.c...
assembling startup_M051Series.s...
compiling main.c...
compiling clk.c...
compiling gpio.c...
compiling retarget.c...
compiling sys.c...
compiling uart.c...
linking...
Program Size: Code=2084 RO-data=304 RW-data=16 ZI-data=512  
After Build - User command #1: fromelf --bin ".\obj\Hello.axf" --output ".\obj\Hello.bin"
After Build - User command #2: fromelf --text -c ".\obj\Hello.axf" --output ".\obj\Hello.txt"
".\obj\Hello.axf" - 0 Error(s), 0 Warning(s).
Clean started: Project: 'Hello'
   deleting intermediate output files for target 'GPIO_OutputInput'
e: Code=2084 RO-data=304 RW-data=16 ZI-data=512  
After Build - User command #1: fromelf --bin ".\obj\Hello.axf" --output ".\obj\Hello.bin"
After Build - User command #2: fromelf --text -c ".\obj\Hello.axf" --output ".\obj\Hello.txt"
".\obj\Hello.axf" - 0 Error(s), 3 Warning(s).
Load "D:\\BSP\\Nuvoton_zeros_BSP\\SampleCode\\Hello_sample\\KEIL\\obj\\Hello.axf" 
Error: Flash Download failed  -  Target DLL has been cancelled
 ABSOLUTE)
    Base Addr    Size         Type   Attr      Idx    E Section Name        Object
    0x00000904   0x00000030   Data   RO           84    .constdaProgram Size: Code=2084 RO-data=304 RW-data=16 ZI-data=512  
ta          uart.o
    Execution Region ER_RW (Base: 0x20000000, Size: 0x00000010, Max: 0xffffffff, ABSOLUTE)
    Base Addr    Size         Type   Attr      Idx    E Section Name        Object
    Execution Region ER_ZI (Base: 0x20000010, Size: 0x00000200, Max: 0xffffffff, ABSOLUTE)
    Base Addr    Size         Type   Attr      Idx    E Section Name        Object
After Build - User command #1: fromelf --bin ".\obj\Hello.axf" --output ".\obj\Hello.bin"
After Build - User command #2: fromelf --text -c ".\obj\Hello.axf" --output ".\obj\Hello.txt"
".\obj\Hello.axf" - 0 Error(s), 3 Warning(s).
